c:\users\student\documents\bannamjamtest\jam\intermediate\jam\release\intermediate\jam.pch
c:\users\student\documents\bannamjamtest\jam\intermediate\jam\release\intermediate\vc143.pdb
c:\users\student\documents\bannamjamtest\jam\intermediate\jam\release\intermediate\stdafx.obj
c:\users\student\documents\bannamjamtest\jam\intermediate\jam\release\intermediate\enemybase.obj
c:\users\student\documents\bannamjamtest\jam\intermediate\jam\release\intermediate\spider.obj
c:\users\student\documents\bannamjamtest\jam\intermediate\jam\release\intermediate\bomb.obj
c:\users\student\documents\bannamjamtest\jam\intermediate\jam\release\intermediate\chokerskill.obj
c:\users\student\documents\bannamjamtest\jam\intermediate\jam\release\intermediate\clown.obj
c:\users\student\documents\bannamjamtest\jam\intermediate\jam\release\intermediate\player.obj
c:\users\student\documents\bannamjamtest\jam\intermediate\jam\release\intermediate\main.obj
c:\users\student\documents\bannamjamtest\jam\intermediate\jam\release\intermediate\eye.obj
c:\users\student\documents\bannamjamtest\jam\intermediate\jam\release\intermediate\shockwave.obj
c:\users\student\documents\bannamjamtest\jam\intermediate\jam\release\intermediate\boss1_3.obj
c:\users\student\documents\bannamjamtest\jam\intermediate\jam\release\intermediate\stagefactory.obj
c:\users\student\documents\bannamjamtest\jam\intermediate\jam\release\intermediate\littledevil.obj
c:\users\student\documents\bannamjamtest\jam\intermediate\jam\release\intermediate\missile.obj
c:\users\student\documents\bannamjamtest\jam\intermediate\jam\release\intermediate\gothiclolitadoll.obj
c:\users\student\documents\bannamjamtest\jam\intermediate\jam\release\intermediate\ribbon.obj
c:\users\student\documents\bannamjamtest\jam\intermediate\jam\release\intermediate\enemyfactory.obj
c:\users\student\documents\bannamjamtest\jam\intermediate\jam\release\jam.exe
c:\users\student\documents\bannamjamtest\jam\intermediate\jam\release\jam.pdb
c:\users\student\documents\bannamjamtest\jam\intermediate\jam\release\intermediate\resource.res
c:\users\student\documents\bannamjamtest\jam\intermediate\jam\release\jam.lib
c:\users\student\documents\bannamjamtest\jam\intermediate\jam\release\jam.exp
c:\users\student\documents\bannamjamtest\jam\intermediate\jam\release\intermediate\jam.ipdb
c:\users\student\documents\bannamjamtest\jam\intermediate\jam\release\intermediate\jam.iobj
c:\users\student\documents\bannamjamtest\jam\intermediate\jam\release\intermediate\jam.vcxproj.filelistabsolute.txt
c:\users\student\documents\bannamjamtest\jam\intermediate\jam\release\intermediate\jam.tlog\cl.command.1.tlog
c:\users\student\documents\bannamjamtest\jam\intermediate\jam\release\intermediate\jam.tlog\cl.items.tlog
c:\users\student\documents\bannamjamtest\jam\intermediate\jam\release\intermediate\jam.tlog\cl.read.1.tlog
c:\users\student\documents\bannamjamtest\jam\intermediate\jam\release\intermediate\jam.tlog\cl.write.1.tlog
c:\users\student\documents\bannamjamtest\jam\intermediate\jam\release\intermediate\jam.tlog\link.command.1.tlog
c:\users\student\documents\bannamjamtest\jam\intermediate\jam\release\intermediate\jam.tlog\link.read.1.tlog
c:\users\student\documents\bannamjamtest\jam\intermediate\jam\release\intermediate\jam.tlog\link.secondary.1.tlog
c:\users\student\documents\bannamjamtest\jam\intermediate\jam\release\intermediate\jam.tlog\link.write.1.tlog
c:\users\student\documents\bannamjamtest\jam\intermediate\jam\release\intermediate\jam.tlog\rc.command.1.tlog
c:\users\student\documents\bannamjamtest\jam\intermediate\jam\release\intermediate\jam.tlog\rc.read.1.tlog
c:\users\student\documents\bannamjamtest\jam\intermediate\jam\release\intermediate\jam.tlog\rc.write.1.tlog
