  ChokerSkill.cpp
C:\Users\student\Documents\BannamJamTest\Jam\src\Domain\Enemy\EnemyAI\IEnemyAI.h(11,39): warning C4100: 'enemy': 参照されないパラメーター
  (ソース ファイル '/src/Domain/Player/Skill/ChokerSkill.cpp' をコンパイルしています)
  
C:\Users\student\Documents\BannamJamTest\Jam\src\Domain\Enemy\EnemyAI\IEnemyAI.h(13,38): warning C4100: 'enemy': 参照されないパラメーター
  (ソース ファイル '/src/Domain/Player/Skill/ChokerSkill.cpp' をコンパイルしています)
  
C:\Users\student\Documents\BannamJamTest\Jam\src\Domain\Enemy\EnemyBase.h(78,39): warning C4100: 'e': 参照されないパラメーター
  (ソース ファイル '/src/Domain/Player/Skill/ChokerSkill.cpp' をコンパイルしています)
  
C:\Users\student\Documents\BannamJamTest\Jam\src\Domain\Enemy\EnemyBase.h(85,38): warning C4100: 'deltaTime': 参照されないパラメーター
  (ソース ファイル '/src/Domain/Player/Skill/ChokerSkill.cpp' をコンパイルしています)
  
C:\Users\student\Documents\BannamJamTest\Jam\src\Domain\Enemy\EnemyBase.h(89,37): warning C4100: 'deltaTime': 参照されないパラメーター
  (ソース ファイル '/src/Domain/Player/Skill/ChokerSkill.cpp' をコンパイルしています)
  
C:\Users\student\Documents\BannamJamTest\Jam\src\Domain\Enemy\EnemyBase.h(93,38): warning C4100: 'deltaTime': 参照されないパラメーター
  (ソース ファイル '/src/Domain/Player/Skill/ChokerSkill.cpp' をコンパイルしています)
  
C:\Users\student\Documents\BannamJamTest\Jam\src\Domain\Player\Skill\ChokerSkill.cpp(55,50): warning C4100: 'facingRight': 参照されないパラメーター
  (ソース ファイル '/src/Domain/Player/Skill/ChokerSkill.cpp' をコンパイルしています)
  
C:\Users\student\Documents\BannamJamTest\Jam\src\Domain\Player\Skill\ChokerSkill.cpp(87,43): warning C4100: 'position': 参照されないパラメーター
  (ソース ファイル '/src/Domain/Player/Skill/ChokerSkill.cpp' をコンパイルしています)
  
C:\Users\student\Documents\BannamJamTest\Jam\src\Domain\Player\Skill\ChokerSkill.cpp(248,66): warning C4100: 'other': 参照されないパラメーター
  (ソース ファイル '/src/Domain/Player/Skill/ChokerSkill.cpp' をコンパイルしています)
  
C:\Users\student\Documents\BannamJamTest\Jam\src\Domain\Player\Skill\ChokerSkill.cpp(249,66): warning C4100: 'other': 参照されないパラメーター
  (ソース ファイル '/src/Domain/Player/Skill/ChokerSkill.cpp' をコンパイルしています)
  
     ライブラリ C:\Users\student\Documents\BannamJamTest\Jam\Intermediate\Jam\Release\Jam.lib とオブジェクト C:\Users\student\Documents\BannamJamTest\Jam\Intermediate\Jam\Release\Jam.exp を作成中
  コード生成しています。
  22 of 6449 functions ( 0.3%) were compiled, the rest were copied from previous compilation.
    0 functions were new in current compilation
    5 functions had inline decision re-evaluated but remain unchanged
  コード生成が終了しました。
  Jam.vcxproj -> C:\Users\student\Documents\BannamJamTest\Jam\Intermediate\Jam\Release\Jam.exe
  C:\Users\student\Documents\BannamJamTest\Jam\Intermediate\Jam\Release\Jam.exe
  1 個のファイルをコピーしました
